<?xml version="1.0" encoding="UTF-8"?>
<testsuites name="jest tests" tests="52" failures="0" time="10.056">
  <testsuite name="calculate" errors="0" failures="0" skipped="0" timestamp="2020-03-06T07:01:53" time="7.639" tests="52">
    <testcase classname="calculate 接受1个className" name="calculate 接受1个className" time="0.004">
    </testcase>
    <testcase classname="calculate press 2 -&gt; {&quot;next&quot;:&quot;2&quot;}" name="calculate press 2 -&gt; {&quot;next&quot;:&quot;2&quot;}" time="0.012">
    </testcase>
    <testcase classname="calculate press 2,3 -&gt; {&quot;next&quot;:&quot;23&quot;}" name="calculate press 2,3 -&gt; {&quot;next&quot;:&quot;23&quot;}" time="0.03">
    </testcase>
    <testcase classname="calculate press 2,3,+ -&gt; {&quot;total&quot;:&quot;23&quot;,&quot;operation&quot;:&quot;+&quot;}" name="calculate press 2,3,+ -&gt; {&quot;total&quot;:&quot;23&quot;,&quot;operation&quot;:&quot;+&quot;}" time="0.032">
    </testcase>
    <testcase classname="calculate press 2,+,3 -&gt; {&quot;total&quot;:&quot;2&quot;,&quot;next&quot;:&quot;3&quot;,&quot;operation&quot;:&quot;+&quot;}" name="calculate press 2,+,3 -&gt; {&quot;total&quot;:&quot;2&quot;,&quot;next&quot;:&quot;3&quot;,&quot;operation&quot;:&quot;+&quot;}" time="0.032">
    </testcase>
    <testcase classname="calculate press = -&gt; {}" name="calculate press = -&gt; {}" time="0.022">
    </testcase>
    <testcase classname="calculate press 2,+,3,= -&gt; {&quot;total&quot;:&quot;5&quot;}" name="calculate press 2,+,3,= -&gt; {&quot;total&quot;:&quot;5&quot;}" time="0.035">
    </testcase>
    <testcase classname="calculate press 0,0,+,0,= -&gt; {&quot;total&quot;:&quot;0&quot;}" name="calculate press 0,0,+,0,= -&gt; {&quot;total&quot;:&quot;0&quot;}" time="0.049">
    </testcase>
    <testcase classname="calculate press 0,0 -&gt; {&quot;next&quot;:&quot;0&quot;}" name="calculate press 0,0 -&gt; {&quot;next&quot;:&quot;0&quot;}" time="0.026">
    </testcase>
    <testcase classname="calculate press 0,+,0,0 -&gt; {&quot;total&quot;:&quot;0&quot;,&quot;next&quot;:&quot;0&quot;,&quot;operation&quot;:&quot;+&quot;}" name="calculate press 0,+,0,0 -&gt; {&quot;total&quot;:&quot;0&quot;,&quot;next&quot;:&quot;0&quot;,&quot;operation&quot;:&quot;+&quot;}" time="0.05">
    </testcase>
    <testcase classname="calculate press 0,0,+,0,0 -&gt; {&quot;total&quot;:&quot;0&quot;,&quot;next&quot;:&quot;0&quot;,&quot;operation&quot;:&quot;+&quot;}" name="calculate press 0,0,+,0,0 -&gt; {&quot;total&quot;:&quot;0&quot;,&quot;next&quot;:&quot;0&quot;,&quot;operation&quot;:&quot;+&quot;}" time="0.044">
    </testcase>
    <testcase classname="calculate press 0,+,0,1,= -&gt; {&quot;total&quot;:&quot;1&quot;}" name="calculate press 0,+,0,1,= -&gt; {&quot;total&quot;:&quot;1&quot;}" time="0.043">
    </testcase>
    <testcase classname="calculate press 0,1,+,0,1 -&gt; {&quot;total&quot;:&quot;1&quot;,&quot;next&quot;:&quot;1&quot;,&quot;operation&quot;:&quot;+&quot;}" name="calculate press 0,1,+,0,1 -&gt; {&quot;total&quot;:&quot;1&quot;,&quot;next&quot;:&quot;1&quot;,&quot;operation&quot;:&quot;+&quot;}" time="0.055">
    </testcase>
    <testcase classname="calculate press 0,.,1,+,0,.,1 -&gt; {&quot;total&quot;:&quot;0.1&quot;,&quot;next&quot;:&quot;0.1&quot;,&quot;operation&quot;:&quot;+&quot;}" name="calculate press 0,.,1,+,0,.,1 -&gt; {&quot;total&quot;:&quot;0.1&quot;,&quot;next&quot;:&quot;0.1&quot;,&quot;operation&quot;:&quot;+&quot;}" time="0.083">
    </testcase>
    <testcase classname="calculate press 2,+,3,- -&gt; {&quot;total&quot;:&quot;5&quot;,&quot;operation&quot;:&quot;-&quot;}" name="calculate press 2,+,3,- -&gt; {&quot;total&quot;:&quot;5&quot;,&quot;operation&quot;:&quot;-&quot;}" time="0.045">
    </testcase>
    <testcase classname="calculate press 2,+,3,-,1 -&gt; {&quot;total&quot;:&quot;5&quot;,&quot;next&quot;:&quot;1&quot;,&quot;operation&quot;:&quot;-&quot;}" name="calculate press 2,+,3,-,1 -&gt; {&quot;total&quot;:&quot;5&quot;,&quot;next&quot;:&quot;1&quot;,&quot;operation&quot;:&quot;-&quot;}" time="0.063">
    </testcase>
    <testcase classname="calculate press 2,+,3,-,1,0 -&gt; {&quot;total&quot;:&quot;5&quot;,&quot;next&quot;:&quot;10&quot;,&quot;operation&quot;:&quot;-&quot;}" name="calculate press 2,+,3,-,1,0 -&gt; {&quot;total&quot;:&quot;5&quot;,&quot;next&quot;:&quot;10&quot;,&quot;operation&quot;:&quot;-&quot;}" time="0.049">
    </testcase>
    <testcase classname="calculate press 2,+,3,-,1,0,= -&gt; {&quot;total&quot;:&quot;-5&quot;}" name="calculate press 2,+,3,-,1,0,= -&gt; {&quot;total&quot;:&quot;-5&quot;}" time="0.065">
    </testcase>
    <testcase classname="calculate press 2,+,3,=,-,1,0,= -&gt; {&quot;total&quot;:&quot;-5&quot;}" name="calculate press 2,+,3,=,-,1,0,= -&gt; {&quot;total&quot;:&quot;-5&quot;}" time="0.059">
    </testcase>
    <testcase classname="calculate press 2,.,3 -&gt; {&quot;next&quot;:&quot;2.3&quot;}" name="calculate press 2,.,3 -&gt; {&quot;next&quot;:&quot;2.3&quot;}" time="0.036">
    </testcase>
    <testcase classname="calculate press .,3 -&gt; {&quot;next&quot;:&quot;0.3&quot;}" name="calculate press .,3 -&gt; {&quot;next&quot;:&quot;0.3&quot;}" time="0.018">
    </testcase>
    <testcase classname="calculate press 1,.,3,. -&gt; {&quot;next&quot;:&quot;1.3&quot;}" name="calculate press 1,.,3,. -&gt; {&quot;next&quot;:&quot;1.3&quot;}" time="0.046">
    </testcase>
    <testcase classname="calculate press .,2,+,.,3 -&gt; {&quot;total&quot;:&quot;0.2&quot;,&quot;next&quot;:&quot;0.3&quot;,&quot;operation&quot;:&quot;+&quot;}" name="calculate press .,2,+,.,3 -&gt; {&quot;total&quot;:&quot;0.2&quot;,&quot;next&quot;:&quot;0.3&quot;,&quot;operation&quot;:&quot;+&quot;}" time="0.046">
    </testcase>
    <testcase classname="calculate press .,2,+,.,3,= -&gt; {&quot;total&quot;:&quot;0.5&quot;}" name="calculate press .,2,+,.,3,= -&gt; {&quot;total&quot;:&quot;0.5&quot;}" time="0.043">
    </testcase>
    <testcase classname="calculate press 2,+,3,AC -&gt; {}" name="calculate press 2,+,3,AC -&gt; {}" time="0.026">
    </testcase>
    <testcase classname="calculate press % -&gt; {}" name="calculate press % -&gt; {}" time="0.005">
    </testcase>
    <testcase classname="calculate press 2,% -&gt; {&quot;next&quot;:&quot;0.02&quot;}" name="calculate press 2,% -&gt; {&quot;next&quot;:&quot;0.02&quot;}" time="0.018">
    </testcase>
    <testcase classname="calculate press 2,%,x,2,= -&gt; {&quot;total&quot;:&quot;0.04&quot;}" name="calculate press 2,%,x,2,= -&gt; {&quot;total&quot;:&quot;0.04&quot;}" time="0.04">
    </testcase>
    <testcase classname="calculate press 2,%,x,2 -&gt; {&quot;total&quot;:&quot;0.02&quot;,&quot;next&quot;:&quot;2&quot;,&quot;operation&quot;:&quot;x&quot;}" name="calculate press 2,%,x,2 -&gt; {&quot;total&quot;:&quot;0.02&quot;,&quot;next&quot;:&quot;2&quot;,&quot;operation&quot;:&quot;x&quot;}" time="0.042">
    </testcase>
    <testcase classname="calculate press 2,x,2,% -&gt; {&quot;total&quot;:&quot;0.04&quot;}" name="calculate press 2,x,2,% -&gt; {&quot;total&quot;:&quot;0.04&quot;}" time="0.05">
    </testcase>
    <testcase classname="calculate press 2,x,2,=,% -&gt; {&quot;total&quot;:&quot;0.04&quot;}" name="calculate press 2,x,2,=,% -&gt; {&quot;total&quot;:&quot;0.04&quot;}" time="0.051">
    </testcase>
    <testcase classname="calculate press +/- -&gt; {}" name="calculate press +/- -&gt; {}" time="0.007">
    </testcase>
    <testcase classname="calculate press 2,+/- -&gt; {&quot;next&quot;:&quot;-2&quot;}" name="calculate press 2,+/- -&gt; {&quot;next&quot;:&quot;-2&quot;}" time="0.015">
    </testcase>
    <testcase classname="calculate press 2,+,8,+/- -&gt; {&quot;total&quot;:&quot;2&quot;,&quot;next&quot;:&quot;-8&quot;,&quot;operation&quot;:&quot;+&quot;}" name="calculate press 2,+,8,+/- -&gt; {&quot;total&quot;:&quot;2&quot;,&quot;next&quot;:&quot;-8&quot;,&quot;operation&quot;:&quot;+&quot;}" time="0.039">
    </testcase>
    <testcase classname="calculate press 2,+,8,+/-,+/- -&gt; {&quot;total&quot;:&quot;2&quot;,&quot;next&quot;:&quot;8&quot;,&quot;operation&quot;:&quot;+&quot;}" name="calculate press 2,+,8,+/-,+/- -&gt; {&quot;total&quot;:&quot;2&quot;,&quot;next&quot;:&quot;8&quot;,&quot;operation&quot;:&quot;+&quot;}" time="0.057">
    </testcase>
    <testcase classname="calculate press 2,+,8,+/-,= -&gt; {&quot;total&quot;:&quot;-6&quot;}" name="calculate press 2,+,8,+/-,= -&gt; {&quot;total&quot;:&quot;-6&quot;}" time="0.036">
    </testcase>
    <testcase classname="calculate press 2,+,8,=,+/- -&gt; {&quot;total&quot;:&quot;-10&quot;}" name="calculate press 2,+,8,=,+/- -&gt; {&quot;total&quot;:&quot;-10&quot;}" time="0.044">
    </testcase>
    <testcase classname="calculate press 2,x,x -&gt; {&quot;total&quot;:&quot;2&quot;,&quot;operation&quot;:&quot;x&quot;}" name="calculate press 2,x,x -&gt; {&quot;total&quot;:&quot;2&quot;,&quot;operation&quot;:&quot;x&quot;}" time="0.028">
    </testcase>
    <testcase classname="calculate press 2,÷,÷ -&gt; {&quot;total&quot;:&quot;2&quot;,&quot;operation&quot;:&quot;÷&quot;}" name="calculate press 2,÷,÷ -&gt; {&quot;total&quot;:&quot;2&quot;,&quot;operation&quot;:&quot;÷&quot;}" time="0.021">
    </testcase>
    <testcase classname="calculate press 2,÷,x,+,-,x -&gt; {&quot;total&quot;:&quot;2&quot;,&quot;operation&quot;:&quot;x&quot;}" name="calculate press 2,÷,x,+,-,x -&gt; {&quot;total&quot;:&quot;2&quot;,&quot;operation&quot;:&quot;x&quot;}" time="0.059">
    </testcase>
    <testcase classname="calculate press ÷ -&gt; {}" name="calculate press ÷ -&gt; {}" time="0.008">
    </testcase>
    <testcase classname="calculate press x -&gt; {}" name="calculate press x -&gt; {}" time="0.005">
    </testcase>
    <testcase classname="calculate press + -&gt; {}" name="calculate press + -&gt; {}" time="0.004">
    </testcase>
    <testcase classname="calculate press - -&gt; {}" name="calculate press - -&gt; {}" time="0.006">
    </testcase>
    <testcase classname="calculate press CE -&gt; {}" name="calculate press CE -&gt; {}" time="0.005">
    </testcase>
    <testcase classname="calculate press 2,÷,CE -&gt; {&quot;next&quot;:&quot;2&quot;}" name="calculate press 2,÷,CE -&gt; {&quot;next&quot;:&quot;2&quot;}" time="0.032">
    </testcase>
    <testcase classname="calculate press 2,2,CE -&gt; {&quot;next&quot;:&quot;2&quot;}" name="calculate press 2,2,CE -&gt; {&quot;next&quot;:&quot;2&quot;}" time="0.03">
    </testcase>
    <testcase classname="calculate press 2,÷,2,CE -&gt; {&quot;total&quot;:&quot;2&quot;,&quot;operation&quot;:&quot;÷&quot;}" name="calculate press 2,÷,2,CE -&gt; {&quot;total&quot;:&quot;2&quot;,&quot;operation&quot;:&quot;÷&quot;}" time="0.044">
    </testcase>
    <testcase classname="calculate press 2,÷,2,0,CE -&gt; {&quot;total&quot;:&quot;2&quot;,&quot;next&quot;:&quot;2&quot;,&quot;operation&quot;:&quot;÷&quot;}" name="calculate press 2,÷,2,0,CE -&gt; {&quot;total&quot;:&quot;2&quot;,&quot;next&quot;:&quot;2&quot;,&quot;operation&quot;:&quot;÷&quot;}" time="0.057">
    </testcase>
    <testcase classname="calculate press 2,÷,2,=,CE -&gt; {}" name="calculate press 2,÷,2,=,CE -&gt; {}" time="0.043">
    </testcase>
    <testcase classname="calculate press 22,÷,2,=,CE -&gt; {&quot;total&quot;:&quot;1&quot;}" name="calculate press 22,÷,2,=,CE -&gt; {&quot;total&quot;:&quot;1&quot;}" time="0.04">
    </testcase>
    <testcase classname="calculate press 22,÷,2,=,+,1,0,CE -&gt; {&quot;total&quot;:&quot;11&quot;,&quot;operation&quot;:&quot;+&quot;,&quot;next&quot;:&quot;1&quot;}" name="calculate press 22,÷,2,=,+,1,0,CE -&gt; {&quot;total&quot;:&quot;11&quot;,&quot;operation&quot;:&quot;+&quot;,&quot;next&quot;:&quot;1&quot;}" time="0.076">
    </testcase>
  </testsuite>
</testsuites>